\doxysection{srsran\+::detail\+::is\+\_\+expected\texorpdfstring{$<$}{<} T \texorpdfstring{$>$}{>} Struct Template Reference}
\hypertarget{structsrsran_1_1detail_1_1is__expected}{}\label{structsrsran_1_1detail_1_1is__expected}\index{srsran::detail::is\_expected$<$ T $>$@{srsran::detail::is\_expected$<$ T $>$}}


Inheritance diagram for srsran\+::detail\+::is\+\_\+expected\texorpdfstring{$<$}{<} T \texorpdfstring{$>$}{>}\+:
\nopagebreak
\begin{figure}[H]
\begin{center}
\leavevmode
\includegraphics[width=169pt]{da/d74/structsrsran_1_1detail_1_1is__expected__inherit__graph}
\end{center}
\end{figure}


Collaboration diagram for srsran\+::detail\+::is\+\_\+expected\texorpdfstring{$<$}{<} T \texorpdfstring{$>$}{>}\+:
\nopagebreak
\begin{figure}[H]
\begin{center}
\leavevmode
\includegraphics[width=169pt]{d0/df2/structsrsran_1_1detail_1_1is__expected__coll__graph}
\end{center}
\end{figure}


The documentation for this struct was generated from the following file\+:\begin{DoxyCompactItemize}
\item 
include/srsran/adt/expected.\+h\end{DoxyCompactItemize}
