\doxysection{srsran\+::detail\+::is\+\_\+expected\texorpdfstring{$<$}{<} T \texorpdfstring{$>$}{>} Struct Template Reference}
\hypertarget{structsrsran_1_1detail_1_1is__expected}{}\label{structsrsran_1_1detail_1_1is__expected}\index{srsran::detail::is\_expected$<$ T $>$@{srsran::detail::is\_expected$<$ T $>$}}
Inheritance diagram for srsran\+::detail\+::is\+\_\+expected\texorpdfstring{$<$}{<} T \texorpdfstring{$>$}{>}\+:\begin{figure}[H]
\begin{center}
\leavevmode
\includegraphics[height=2.000000cm]{structsrsran_1_1detail_1_1is__expected}
\end{center}
\end{figure}


The documentation for this struct was generated from the following file\+:\begin{DoxyCompactItemize}
\item 
include/srsran/adt/expected.\+h\end{DoxyCompactItemize}
